app/dashboard/page.tsx(553,46): error TS2304: Cannot find name 'auth'.
app/dashboard/page.tsx(554,10): error TS2304: Cannot find name 'auth'.
app/dashboard/page.tsx(2106,26): error TS2304: Cannot find name 'auth'.
app/dashboard/page.tsx(2108,34): error TS2304: Cannot find name 'auth'.
components/ui/sheet.tsx(4,33): error TS2307: Cannot find module '@radix-ui/react-dialog' or its corresponding type declarations.
components/ui/sheet.tsx(59,22): error TS2339: Property 'className' does not exist on type 'SheetContentProps'.
components/ui/sheet.tsx(59,33): error TS2339: Property 'children' does not exist on type 'SheetContentProps'.
lib/calendar-events.ts(2,47): error TS2307: Cannot find module 'firebase/firestore' or its corresponding type declarations.
playwright.config.ts(1,39): error TS2307: Cannot find module '@playwright/test' or its corresponding type declarations.
tests/hello-world.spec.ts(1,30): error TS2307: Cannot find module '@playwright/test' or its corresponding type declarations.
tests/hello-world.spec.ts(3,35): error TS7031: Binding element 'page' implicitly has an 'any' type.
